// Jest Snapshot v1, https://goo.gl/fbAQLP

exports[`renders a snapshot 1`] = `
<div
  className="App"
>
  <header
    className="App-header"
  >
    <div
      className="card"
    >
      <img
        className="card-img-top"
        src="https://placedog.net/286/180"
      />
      <div
        className="card-body"
      >
        <div
          className="card-title h5"
        >
          Cpeter15
        </div>
        <p
          className="card-text"
        >
          I like dogs
        </p>
      </div>
    </div>
  </header>
</div>
`;
